org/eclipse/core/runtime/Preferences$ListenerList.class
org/eclipse/core/runtime/Platform$1.class
org/eclipse/core/internal/runtime/AssertionFailedException.class
org/eclipse/core/runtime/CoreException.class
org/eclipse/core/internal/plugins/RegistryResolver$Constraint.class
org/eclipse/core/internal/plugins/PluginParser.class
org/eclipse/core/internal/plugins/RegistryResolver$1.class
org/eclipse/core/runtime/Plugin.class
org/eclipse/core/internal/plugins/RegistryResolver$Cookie.class
org/eclipse/core/runtime/model/PluginDescriptorModel.class
org/eclipse/core/internal/plugins/Library.class
com/choicemaker/eclipse2/embedded/pd/EmbeddedPluginDiscovery.class
org/eclipse/core/runtime/IPluginDescriptor.class
org/eclipse/core/resources/EclipseObjectInputStream.class
org/eclipse/core/runtime/IExtensionPoint.class
org/eclipse/core/internal/plugins/ExtensionPoint.class
org/eclipse/core/internal/plugins/InternalFactory.class
org/eclipse/core/runtime/model/PluginFragmentModel.class
org/eclipse/core/boot/BootLoader.class
org/eclipse/core/runtime/model/LibraryModel.class
org/eclipse/core/internal/plugins/ConfigurationProperty.class
org/eclipse/core/internal/plugins/RegistryResolver$IndexEntry.class
org/eclipse/core/internal/plugins/PluginRegistry$1$1.class
org/eclipse/core/runtime/Preferences$PropertyChangeEvent.class
org/eclipse/core/runtime/model/PluginModel.class
org/eclipse/core/runtime/IExecutableExtension.class
org/eclipse/core/runtime/model/PluginRegistryModel.class
org/eclipse/core/internal/plugins/PluginRegistry.class
org/eclipse/core/internal/plugins/PluginRegistry$1.class
com/choicemaker/eclipse2/embedded/pd/EmbeddedPluginDiscovery$PluginConfigurationIterator.class
org/eclipse/core/runtime/IStatus.class
org/eclipse/core/resources/AllPluginsClassLoader.class
org/eclipse/core/internal/plugins/ConfigurationElement.class
org/eclipse/core/runtime/IConfigurationElement.class
org/eclipse/core/runtime/Platform$PluginsParser.class
org/eclipse/core/runtime/Platform.class
org/eclipse/core/runtime/model/PluginModelObject.class
org/eclipse/core/runtime/model/ExtensionModel.class
org/eclipse/core/runtime/Path.class
org/eclipse/core/internal/plugins/RegistryLoader.class
org/eclipse/core/runtime/Preferences$IPropertyChangeListener.class
org/eclipse/core/runtime/MultiStatus.class
org/eclipse/core/runtime/IPath.class
org/eclipse/core/runtime/IExtension.class
org/eclipse/core/runtime/IAdaptable.class
org/eclipse/core/internal/runtime/Assert.class
com/choicemaker/eclipse2/embedded/pd/EmbeddedPluginDiscovery$DescriptorParser.class
org/eclipse/core/resources/AllPluginsClassLoader$Loader.class
com/choicemaker/eclipse2/embedded/pd/PluginElements.class
org/eclipse/core/runtime/IPluginPrerequisite.class
org/eclipse/core/runtime/ILibrary.class
org/eclipse/core/internal/plugins/PluginDescriptor.class
org/eclipse/core/runtime/ISafeRunnable.class
org/eclipse/core/runtime/model/Factory.class
org/eclipse/core/internal/plugins/FragmentDescriptor.class
org/eclipse/core/launcher/EclipseRMIClassLoaderSpi.class
org/eclipse/core/runtime/Status.class
org/eclipse/core/internal/plugins/Extension.class
org/eclipse/core/runtime/IProgressMonitor.class
org/eclipse/core/internal/plugins/IPluginVisitor.class
org/eclipse/core/internal/plugins/DefaultPlugin.class
org/eclipse/core/runtime/model/ExtensionPointModel.class
org/eclipse/core/runtime/model/ConfigurationElementModel.class
org/eclipse/core/internal/plugins/RegistryResolver.class
org/eclipse/core/resources/ResourcesPlugin.class
org/eclipse/core/resources/IWorkspace.class
org/eclipse/core/runtime/model/URLModel.class
org/eclipse/core/runtime/model/PluginPrerequisiteModel.class
org/eclipse/core/internal/runtime/InternalPlatform.class
org/eclipse/core/runtime/model/ConfigurationPropertyModel.class
org/eclipse/core/runtime/PluginVersionIdentifier.class
org/eclipse/core/boot/IPlatformRunnable.class
org/eclipse/core/runtime/IPluginRegistry.class
org/eclipse/core/internal/plugins/IModel.class
com/choicemaker/eclipse2/embedded/pd/EmbeddedPluginDiscovery$1.class
org/eclipse/core/runtime/Preferences.class
org/eclipse/core/internal/plugins/RegistryResolver$ConstraintsEntry.class
org/eclipse/core/internal/plugins/PluginPrerequisite.class
org/eclipse/core/internal/runtime/Policy.class
