/Users/rphall/Documents/git/oscmt-cm/2.7.x/misc/com.choicemaker.eclipse2.embedded/src/main/java/org/eclipse/core/runtime/Path.java
/Users/rphall/Documents/git/oscmt-cm/2.7.x/misc/com.choicemaker.eclipse2.embedded/src/main/java/org/eclipse/core/runtime/model/PluginPrerequisiteModel.java
/Users/rphall/Documents/git/oscmt-cm/2.7.x/misc/com.choicemaker.eclipse2.embedded/src/main/java/org/eclipse/core/runtime/model/PluginFragmentModel.java
/Users/rphall/Documents/git/oscmt-cm/2.7.x/misc/com.choicemaker.eclipse2.embedded/src/main/java/org/eclipse/core/boot/IPlatformRunnable.java
/Users/rphall/Documents/git/oscmt-cm/2.7.x/misc/com.choicemaker.eclipse2.embedded/src/main/java/org/eclipse/core/runtime/model/PluginDescriptorModel.java
/Users/rphall/Documents/git/oscmt-cm/2.7.x/misc/com.choicemaker.eclipse2.embedded/src/main/java/org/eclipse/core/runtime/Preferences.java
/Users/rphall/Documents/git/oscmt-cm/2.7.x/misc/com.choicemaker.eclipse2.embedded/src/main/java/org/eclipse/core/runtime/IExecutableExtension.java
/Users/rphall/Documents/git/oscmt-cm/2.7.x/misc/com.choicemaker.eclipse2.embedded/src/main/java/org/eclipse/core/runtime/ILibrary.java
/Users/rphall/Documents/git/oscmt-cm/2.7.x/misc/com.choicemaker.eclipse2.embedded/src/main/java/org/eclipse/core/internal/runtime/AssertionFailedException.java
/Users/rphall/Documents/git/oscmt-cm/2.7.x/misc/com.choicemaker.eclipse2.embedded/src/main/java/org/eclipse/core/runtime/model/ConfigurationElementModel.java
/Users/rphall/Documents/git/oscmt-cm/2.7.x/misc/com.choicemaker.eclipse2.embedded/src/main/java/org/eclipse/core/internal/plugins/IModel.java
/Users/rphall/Documents/git/oscmt-cm/2.7.x/misc/com.choicemaker.eclipse2.embedded/src/main/java/org/eclipse/core/internal/plugins/DefaultPlugin.java
/Users/rphall/Documents/git/oscmt-cm/2.7.x/misc/com.choicemaker.eclipse2.embedded/src/main/java/org/eclipse/core/runtime/model/PluginModel.java
/Users/rphall/Documents/git/oscmt-cm/2.7.x/misc/com.choicemaker.eclipse2.embedded/src/main/java/org/eclipse/core/resources/ResourcesPlugin.java
/Users/rphall/Documents/git/oscmt-cm/2.7.x/misc/com.choicemaker.eclipse2.embedded/src/main/java/org/eclipse/core/runtime/IConfigurationElement.java
/Users/rphall/Documents/git/oscmt-cm/2.7.x/misc/com.choicemaker.eclipse2.embedded/src/main/java/org/eclipse/core/internal/plugins/PluginRegistry.java
/Users/rphall/Documents/git/oscmt-cm/2.7.x/misc/com.choicemaker.eclipse2.embedded/src/main/java/org/eclipse/core/internal/plugins/ConfigurationElement.java
/Users/rphall/Documents/git/oscmt-cm/2.7.x/misc/com.choicemaker.eclipse2.embedded/src/main/java/com/choicemaker/eclipse2/embedded/pd/EmbeddedPluginDiscovery.java
/Users/rphall/Documents/git/oscmt-cm/2.7.x/misc/com.choicemaker.eclipse2.embedded/src/main/java/org/eclipse/core/internal/plugins/PluginPrerequisite.java
/Users/rphall/Documents/git/oscmt-cm/2.7.x/misc/com.choicemaker.eclipse2.embedded/src/main/java/org/eclipse/core/internal/plugins/RegistryLoader.java
/Users/rphall/Documents/git/oscmt-cm/2.7.x/misc/com.choicemaker.eclipse2.embedded/src/main/java/org/eclipse/core/runtime/IPluginRegistry.java
/Users/rphall/Documents/git/oscmt-cm/2.7.x/misc/com.choicemaker.eclipse2.embedded/src/main/java/org/eclipse/core/internal/runtime/InternalPlatform.java
/Users/rphall/Documents/git/oscmt-cm/2.7.x/misc/com.choicemaker.eclipse2.embedded/src/main/java/org/eclipse/core/internal/plugins/ExtensionPoint.java
/Users/rphall/Documents/git/oscmt-cm/2.7.x/misc/com.choicemaker.eclipse2.embedded/src/main/java/org/eclipse/core/runtime/model/PluginRegistryModel.java
/Users/rphall/Documents/git/oscmt-cm/2.7.x/misc/com.choicemaker.eclipse2.embedded/src/main/java/org/eclipse/core/internal/runtime/Assert.java
/Users/rphall/Documents/git/oscmt-cm/2.7.x/misc/com.choicemaker.eclipse2.embedded/src/main/java/org/eclipse/core/internal/plugins/ConfigurationProperty.java
/Users/rphall/Documents/git/oscmt-cm/2.7.x/misc/com.choicemaker.eclipse2.embedded/src/main/java/org/eclipse/core/runtime/model/LibraryModel.java
/Users/rphall/Documents/git/oscmt-cm/2.7.x/misc/com.choicemaker.eclipse2.embedded/src/main/java/org/eclipse/core/resources/EclipseObjectInputStream.java
/Users/rphall/Documents/git/oscmt-cm/2.7.x/misc/com.choicemaker.eclipse2.embedded/src/main/java/org/eclipse/core/boot/BootLoader.java
/Users/rphall/Documents/git/oscmt-cm/2.7.x/misc/com.choicemaker.eclipse2.embedded/src/main/java/org/eclipse/core/runtime/IPluginDescriptor.java
/Users/rphall/Documents/git/oscmt-cm/2.7.x/misc/com.choicemaker.eclipse2.embedded/src/main/java/org/eclipse/core/runtime/IExtension.java
/Users/rphall/Documents/git/oscmt-cm/2.7.x/misc/com.choicemaker.eclipse2.embedded/src/main/java/org/eclipse/core/runtime/model/ExtensionModel.java
/Users/rphall/Documents/git/oscmt-cm/2.7.x/misc/com.choicemaker.eclipse2.embedded/src/main/java/org/eclipse/core/runtime/Platform.java
/Users/rphall/Documents/git/oscmt-cm/2.7.x/misc/com.choicemaker.eclipse2.embedded/src/main/java/org/eclipse/core/resources/AllPluginsClassLoader.java
/Users/rphall/Documents/git/oscmt-cm/2.7.x/misc/com.choicemaker.eclipse2.embedded/src/main/java/org/eclipse/core/runtime/IPath.java
/Users/rphall/Documents/git/oscmt-cm/2.7.x/misc/com.choicemaker.eclipse2.embedded/src/main/java/org/eclipse/core/internal/runtime/Policy.java
/Users/rphall/Documents/git/oscmt-cm/2.7.x/misc/com.choicemaker.eclipse2.embedded/src/main/java/org/eclipse/core/runtime/IPluginPrerequisite.java
/Users/rphall/Documents/git/oscmt-cm/2.7.x/misc/com.choicemaker.eclipse2.embedded/src/main/java/org/eclipse/core/runtime/ISafeRunnable.java
/Users/rphall/Documents/git/oscmt-cm/2.7.x/misc/com.choicemaker.eclipse2.embedded/src/main/java/com/choicemaker/eclipse2/embedded/pd/PluginElements.java
/Users/rphall/Documents/git/oscmt-cm/2.7.x/misc/com.choicemaker.eclipse2.embedded/src/main/java/org/eclipse/core/internal/plugins/RegistryResolver.java
/Users/rphall/Documents/git/oscmt-cm/2.7.x/misc/com.choicemaker.eclipse2.embedded/src/main/java/org/eclipse/core/internal/plugins/Library.java
/Users/rphall/Documents/git/oscmt-cm/2.7.x/misc/com.choicemaker.eclipse2.embedded/src/main/java/org/eclipse/core/runtime/model/Factory.java
/Users/rphall/Documents/git/oscmt-cm/2.7.x/misc/com.choicemaker.eclipse2.embedded/src/main/java/org/eclipse/core/runtime/IProgressMonitor.java
/Users/rphall/Documents/git/oscmt-cm/2.7.x/misc/com.choicemaker.eclipse2.embedded/src/main/java/org/eclipse/core/runtime/IStatus.java
/Users/rphall/Documents/git/oscmt-cm/2.7.x/misc/com.choicemaker.eclipse2.embedded/src/main/java/org/eclipse/core/launcher/EclipseRMIClassLoaderSpi.java
/Users/rphall/Documents/git/oscmt-cm/2.7.x/misc/com.choicemaker.eclipse2.embedded/src/main/java/org/eclipse/core/internal/plugins/IPluginVisitor.java
/Users/rphall/Documents/git/oscmt-cm/2.7.x/misc/com.choicemaker.eclipse2.embedded/src/main/java/org/eclipse/core/runtime/model/ConfigurationPropertyModel.java
/Users/rphall/Documents/git/oscmt-cm/2.7.x/misc/com.choicemaker.eclipse2.embedded/src/main/java/org/eclipse/core/runtime/model/PluginModelObject.java
/Users/rphall/Documents/git/oscmt-cm/2.7.x/misc/com.choicemaker.eclipse2.embedded/src/main/java/org/eclipse/core/internal/plugins/Extension.java
/Users/rphall/Documents/git/oscmt-cm/2.7.x/misc/com.choicemaker.eclipse2.embedded/src/main/java/org/eclipse/core/runtime/model/URLModel.java
/Users/rphall/Documents/git/oscmt-cm/2.7.x/misc/com.choicemaker.eclipse2.embedded/src/main/java/org/eclipse/core/runtime/CoreException.java
/Users/rphall/Documents/git/oscmt-cm/2.7.x/misc/com.choicemaker.eclipse2.embedded/src/main/java/org/eclipse/core/runtime/model/ExtensionPointModel.java
/Users/rphall/Documents/git/oscmt-cm/2.7.x/misc/com.choicemaker.eclipse2.embedded/src/main/java/org/eclipse/core/resources/IWorkspace.java
/Users/rphall/Documents/git/oscmt-cm/2.7.x/misc/com.choicemaker.eclipse2.embedded/src/main/java/org/eclipse/core/internal/plugins/PluginParser.java
/Users/rphall/Documents/git/oscmt-cm/2.7.x/misc/com.choicemaker.eclipse2.embedded/src/main/java/org/eclipse/core/runtime/Plugin.java
/Users/rphall/Documents/git/oscmt-cm/2.7.x/misc/com.choicemaker.eclipse2.embedded/src/main/java/org/eclipse/core/internal/plugins/FragmentDescriptor.java
/Users/rphall/Documents/git/oscmt-cm/2.7.x/misc/com.choicemaker.eclipse2.embedded/src/main/java/org/eclipse/core/runtime/IAdaptable.java
/Users/rphall/Documents/git/oscmt-cm/2.7.x/misc/com.choicemaker.eclipse2.embedded/src/main/java/org/eclipse/core/internal/plugins/PluginDescriptor.java
/Users/rphall/Documents/git/oscmt-cm/2.7.x/misc/com.choicemaker.eclipse2.embedded/src/main/java/org/eclipse/core/internal/plugins/InternalFactory.java
/Users/rphall/Documents/git/oscmt-cm/2.7.x/misc/com.choicemaker.eclipse2.embedded/src/main/java/org/eclipse/core/runtime/Status.java
/Users/rphall/Documents/git/oscmt-cm/2.7.x/misc/com.choicemaker.eclipse2.embedded/src/main/java/org/eclipse/core/runtime/IExtensionPoint.java
/Users/rphall/Documents/git/oscmt-cm/2.7.x/misc/com.choicemaker.eclipse2.embedded/src/main/java/org/eclipse/core/runtime/MultiStatus.java
/Users/rphall/Documents/git/oscmt-cm/2.7.x/misc/com.choicemaker.eclipse2.embedded/src/main/java/org/eclipse/core/runtime/PluginVersionIdentifier.java
